// Jest Snapshot v1, https://goo.gl/fbAQLP

exports[`check for same settings page snapshot 1`] = `
<View>
  <View
    style={
      [
        {
          "paddingHorizontal": 24,
        },
        {
          "paddingTop": 56,
        },
        {
          "paddingBottom": 8,
        },
      ]
    }
  >
    <Text
      style={
        {
          "color": "#4B9CD3",
          "fontSize": 24,
        }
      }
    >
      Monday, November 28
    </Text>
  </View>
  <View
    style={
      {
        "paddingHorizontal": 24,
        "paddingVertical": 0,
      }
    }
  >
    <Text
      style={
        [
          {
            "fontSize": 36,
          },
          {
            "fontWeight": "bold",
          },
          {
            "color": "#4B9CD3",
          },
        ]
      }
    >
      Settings
    </Text>
  </View>
  <RCTScrollView
    alwaysBounceVertical={false}
    contentContainerStyle={
      {
        "paddingBottom": 30,
      }
    }
    style={
      {
        "marginBottom": 125,
      }
    }
  >
    <View>
      <View
        style={
          {
            "marginHorizontal": 24,
            "marginVertical": 12,
            "shadowOffset": {
              "height": 2,
              "width": 0,
            },
            "shadowOpacity": 0.25,
            "shadowRadius": 2,
          }
        }
      >
        <View
          style={
            {
              "borderRadius": 12,
              "overflow": "hidden",
            }
          }
        >
          <View
            style={
              {
                "alignItems": "center",
                "backgroundColor": "white",
                "borderBottomColor": "#e3e3e3",
                "borderBottomWidth": 1,
                "flexDirection": "row",
                "justifyContent": "space-between",
                "paddingHorizontal": 16,
                "paddingVertical": 12,
              }
            }
          >
            <Text
              style={
                {
                  "fontSize": 20,
                }
              }
            >
              Allow notifications
            </Text>
            <RCTSwitch
              accessibilityRole="switch"
              onChange={[Function]}
              onResponderTerminationRequest={[Function]}
              onStartShouldSetResponder={[Function]}
              style={
                {
                  "height": 31,
                  "width": 51,
                }
              }
              value={false}
            />
          </View>
        </View>
      </View>
      <View
        style={
          {
            "marginHorizontal": 24,
            "marginVertical": 12,
            "shadowOffset": {
              "height": 2,
              "width": 0,
            },
            "shadowOpacity": 0.25,
            "shadowRadius": 2,
          }
        }
      >
        <View
          style={
            {
              "borderRadius": 12,
              "overflow": "hidden",
            }
          }
        >
          <View
            style={
              {
                "alignItems": "center",
                "backgroundColor": "white",
                "borderBottomColor": "gray",
                "borderBottomWidth": 1,
                "flexDirection": "row",
                "justifyContent": "space-between",
                "padding": 15,
              }
            }
          >
            <Text
              style={
                {
                  "fontSize": 20,
                  "fontWeight": "bold",
                }
              }
            >
              Subscribed notifications:
            </Text>
          </View>
          <View>
            <View
              style={
                {
                  "alignItems": "center",
                  "backgroundColor": "white",
                  "borderBottomColor": "#e3e3e3",
                  "borderBottomWidth": 1,
                  "flexDirection": "row",
                  "justifyContent": "space-between",
                  "paddingHorizontal": 16,
                  "paddingVertical": 12,
                }
              }
            >
              <Text
                style={
                  {
                    "fontSize": 20,
                  }
                }
              >
                Policy Links
              </Text>
              <RCTSwitch
                accessibilityRole="switch"
                disabled={true}
                onChange={[Function]}
                onResponderTerminationRequest={[Function]}
                onStartShouldSetResponder={[Function]}
                style={
                  {
                    "height": 31,
                    "width": 51,
                  }
                }
                value={true}
              />
            </View>
            <View
              style={
                {
                  "alignItems": "center",
                  "backgroundColor": "white",
                  "borderBottomColor": "#e3e3e3",
                  "borderBottomWidth": 1,
                  "flexDirection": "row",
                  "justifyContent": "space-between",
                  "paddingHorizontal": 16,
                  "paddingVertical": 12,
                }
              }
            >
              <Text
                style={
                  {
                    "fontSize": 20,
                  }
                }
              >
                Useful Sites
              </Text>
              <RCTSwitch
                accessibilityRole="switch"
                disabled={true}
                onChange={[Function]}
                onResponderTerminationRequest={[Function]}
                onStartShouldSetResponder={[Function]}
                style={
                  {
                    "height": 31,
                    "width": 51,
                  }
                }
                value={true}
              />
            </View>
            <View
              style={
                {
                  "alignItems": "center",
                  "backgroundColor": "white",
                  "borderBottomColor": "#e3e3e3",
                  "borderBottomWidth": 1,
                  "flexDirection": "row",
                  "justifyContent": "space-between",
                  "paddingHorizontal": 16,
                  "paddingVertical": 12,
                }
              }
            >
              <Text
                style={
                  {
                    "fontSize": 20,
                  }
                }
              >
                Helpful Reading
              </Text>
              <RCTSwitch
                accessibilityRole="switch"
                disabled={true}
                onChange={[Function]}
                onResponderTerminationRequest={[Function]}
                onStartShouldSetResponder={[Function]}
                style={
                  {
                    "height": 31,
                    "width": 51,
                  }
                }
                value={true}
              />
            </View>
            <View
              style={
                {
                  "alignItems": "center",
                  "backgroundColor": "white",
                  "borderBottomColor": "#e3e3e3",
                  "borderBottomWidth": 1,
                  "flexDirection": "row",
                  "justifyContent": "space-between",
                  "paddingHorizontal": 16,
                  "paddingVertical": 12,
                }
              }
            >
              <Text
                style={
                  {
                    "fontSize": 20,
                  }
                }
              >
                Instructional Videos
              </Text>
              <RCTSwitch
                accessibilityRole="switch"
                disabled={true}
                onChange={[Function]}
                onResponderTerminationRequest={[Function]}
                onStartShouldSetResponder={[Function]}
                style={
                  {
                    "height": 31,
                    "width": 51,
                  }
                }
                value={true}
              />
            </View>
            <View
              style={
                {
                  "alignItems": "center",
                  "backgroundColor": "white",
                  "borderBottomColor": "#e3e3e3",
                  "borderBottomWidth": 1,
                  "flexDirection": "row",
                  "justifyContent": "space-between",
                  "paddingHorizontal": 16,
                  "paddingVertical": 12,
                }
              }
            >
              <Text
                style={
                  {
                    "fontSize": 20,
                  }
                }
              >
                Workplace Updates
              </Text>
              <RCTSwitch
                accessibilityRole="switch"
                disabled={true}
                onChange={[Function]}
                onResponderTerminationRequest={[Function]}
                onStartShouldSetResponder={[Function]}
                style={
                  {
                    "height": 31,
                    "width": 51,
                  }
                }
                value={true}
              />
            </View>
            <View
              style={
                {
                  "alignItems": "center",
                  "backgroundColor": "white",
                  "borderBottomColor": "#e3e3e3",
                  "borderBottomWidth": 1,
                  "flexDirection": "row",
                  "justifyContent": "space-between",
                  "paddingHorizontal": 16,
                  "paddingVertical": 12,
                }
              }
            >
              <Text
                style={
                  {
                    "fontSize": 20,
                  }
                }
              >
                Staff Events
              </Text>
              <RCTSwitch
                accessibilityRole="switch"
                disabled={true}
                onChange={[Function]}
                onResponderTerminationRequest={[Function]}
                onStartShouldSetResponder={[Function]}
                style={
                  {
                    "height": 31,
                    "width": 51,
                  }
                }
                value={true}
              />
            </View>
          </View>
        </View>
      </View>
      <View
        style={
          {
            "marginHorizontal": 24,
            "marginVertical": 12,
            "shadowOffset": {
              "height": 2,
              "width": 0,
            },
            "shadowOpacity": 0.25,
            "shadowRadius": 2,
          }
        }
      >
        <View
          style={
            {
              "borderRadius": 12,
              "overflow": "hidden",
            }
          }
        >
          <View
            style={
              {
                "alignItems": "center",
                "backgroundColor": "white",
                "borderBottomColor": "gray",
                "borderBottomWidth": 1,
                "flexDirection": "row",
                "justifyContent": "space-between",
                "padding": 15,
              }
            }
          >
            <Text
              style={
                {
                  "fontSize": 20,
                  "fontWeight": "bold",
                }
              }
            >
              Show in feed:
            </Text>
          </View>
          <View>
            <View
              style={
                {
                  "alignItems": "center",
                  "backgroundColor": "white",
                  "borderBottomColor": "#e3e3e3",
                  "borderBottomWidth": 1,
                  "flexDirection": "row",
                  "justifyContent": "space-between",
                  "paddingHorizontal": 16,
                  "paddingVertical": 12,
                }
              }
            >
              <Text
                style={
                  {
                    "fontSize": 20,
                  }
                }
              >
                Policy Links
              </Text>
              <RCTSwitch
                accessibilityRole="switch"
                onChange={[Function]}
                onResponderTerminationRequest={[Function]}
                onStartShouldSetResponder={[Function]}
                style={
                  {
                    "height": 31,
                    "width": 51,
                  }
                }
                value={true}
              />
            </View>
            <View
              style={
                {
                  "alignItems": "center",
                  "backgroundColor": "white",
                  "borderBottomColor": "#e3e3e3",
                  "borderBottomWidth": 1,
                  "flexDirection": "row",
                  "justifyContent": "space-between",
                  "paddingHorizontal": 16,
                  "paddingVertical": 12,
                }
              }
            >
              <Text
                style={
                  {
                    "fontSize": 20,
                  }
                }
              >
                Useful Sites
              </Text>
              <RCTSwitch
                accessibilityRole="switch"
                onChange={[Function]}
                onResponderTerminationRequest={[Function]}
                onStartShouldSetResponder={[Function]}
                style={
                  {
                    "height": 31,
                    "width": 51,
                  }
                }
                value={true}
              />
            </View>
            <View
              style={
                {
                  "alignItems": "center",
                  "backgroundColor": "white",
                  "borderBottomColor": "#e3e3e3",
                  "borderBottomWidth": 1,
                  "flexDirection": "row",
                  "justifyContent": "space-between",
                  "paddingHorizontal": 16,
                  "paddingVertical": 12,
                }
              }
            >
              <Text
                style={
                  {
                    "fontSize": 20,
                  }
                }
              >
                Helpful Reading
              </Text>
              <RCTSwitch
                accessibilityRole="switch"
                onChange={[Function]}
                onResponderTerminationRequest={[Function]}
                onStartShouldSetResponder={[Function]}
                style={
                  {
                    "height": 31,
                    "width": 51,
                  }
                }
                value={true}
              />
            </View>
            <View
              style={
                {
                  "alignItems": "center",
                  "backgroundColor": "white",
                  "borderBottomColor": "#e3e3e3",
                  "borderBottomWidth": 1,
                  "flexDirection": "row",
                  "justifyContent": "space-between",
                  "paddingHorizontal": 16,
                  "paddingVertical": 12,
                }
              }
            >
              <Text
                style={
                  {
                    "fontSize": 20,
                  }
                }
              >
                Instructional Videos
              </Text>
              <RCTSwitch
                accessibilityRole="switch"
                onChange={[Function]}
                onResponderTerminationRequest={[Function]}
                onStartShouldSetResponder={[Function]}
                style={
                  {
                    "height": 31,
                    "width": 51,
                  }
                }
                value={true}
              />
            </View>
            <View
              style={
                {
                  "alignItems": "center",
                  "backgroundColor": "white",
                  "borderBottomColor": "#e3e3e3",
                  "borderBottomWidth": 1,
                  "flexDirection": "row",
                  "justifyContent": "space-between",
                  "paddingHorizontal": 16,
                  "paddingVertical": 12,
                }
              }
            >
              <Text
                style={
                  {
                    "fontSize": 20,
                  }
                }
              >
                Workplace Updates
              </Text>
              <RCTSwitch
                accessibilityRole="switch"
                onChange={[Function]}
                onResponderTerminationRequest={[Function]}
                onStartShouldSetResponder={[Function]}
                style={
                  {
                    "height": 31,
                    "width": 51,
                  }
                }
                value={true}
              />
            </View>
            <View
              style={
                {
                  "alignItems": "center",
                  "backgroundColor": "white",
                  "borderBottomColor": "#e3e3e3",
                  "borderBottomWidth": 1,
                  "flexDirection": "row",
                  "justifyContent": "space-between",
                  "paddingHorizontal": 16,
                  "paddingVertical": 12,
                }
              }
            >
              <Text
                style={
                  {
                    "fontSize": 20,
                  }
                }
              >
                Staff Events
              </Text>
              <RCTSwitch
                accessibilityRole="switch"
                onChange={[Function]}
                onResponderTerminationRequest={[Function]}
                onStartShouldSetResponder={[Function]}
                style={
                  {
                    "height": 31,
                    "width": 51,
                  }
                }
                value={true}
              />
            </View>
          </View>
        </View>
      </View>
    </View>
  </RCTScrollView>
</View>
`;
